// Jest Snapshot v1, https://goo.gl/fbAQLP

exports[`Mozilla 1`] = `
Array [
  Object {
    "alias": "CVE-2011-2370",
    "assigned_to": "dtownsend@mozilla.com",
    "assigned_to_detail": Object {
      "id": 91159,
      "name": "dtownsend@mozilla.com",
      "real_name": "Dave Townsend [:mossop]",
    },
    "blocks": Array [
      643773,
    ],
    "cc": Array [
      "brandon@hackmill.com",
      "bzbarsky@mit.edu",
      "christian@legnitto.com",
      "dtownsend@mozilla.com",
      "dveditz@mozilla.com",
      "gavin.sharp@gmail.com",
      "hskupin@gmail.com",
      "jruderman@gmail.com",
      "robert.strong.bugs@gmail.com",
    ],
    "cc_detail": Array [
      Object {
        "id": 296777,
        "name": "brandon@hackmill.com",
        "real_name": "Brandon Sterne (:bsterne)",
      },
      Object {
        "id": 20209,
        "name": "bzbarsky@mit.edu",
        "real_name": "Boris Zbarsky [:bzbarsky]",
      },
      Object {
        "id": 482154,
        "name": "christian@legnitto.com",
        "real_name": "LegNeato",
      },
      Object {
        "id": 91159,
        "name": "dtownsend@mozilla.com",
        "real_name": "Dave Townsend [:mossop]",
      },
      Object {
        "id": 1689,
        "name": "dveditz@mozilla.com",
        "real_name": "Daniel Veditz [:dveditz]",
      },
      Object {
        "id": 103593,
        "name": "gavin.sharp@gmail.com",
        "real_name": ":Gavin Sharp [email: gavin@gavinsharp.com]",
      },
      Object {
        "id": 76551,
        "name": "hskupin@gmail.com",
        "real_name": "Henrik Skupin (:whimboo) [‚åöÔ∏èUTC+1]",
      },
      Object {
        "id": 11608,
        "name": "jruderman@gmail.com",
        "real_name": "Jesse Ruderman",
      },
      Object {
        "id": 141755,
        "name": "robert.strong.bugs@gmail.com",
        "real_name": "Robert Strong (they/them - no direct email)",
      },
    ],
    "classification": "Components",
    "component": "Add-ons Manager",
    "creation_time": "2011-03-28T15:09:57.000Z",
    "creator": "moz_bug_r_a4@yahoo.com",
    "creator_detail": Object {
      "id": 194398,
      "name": "moz_bug_r_a4@yahoo.com",
      "real_name": "moz_bug_r_a4",
    },
    "depends_on": Array [],
    "dupe_of": null,
    "flags": Array [
      Object {
        "creation_date": "2011-04-08T17:36:47.000Z",
        "id": 438288,
        "modification_date": "2011-04-08T17:36:47.000Z",
        "name": "in-testsuite",
        "requestee": undefined,
        "setter": "dtownsend@mozilla.com",
        "status": "+",
        "type_id": 37,
      },
      Object {
        "creation_date": "2011-04-08T17:36:47.000Z",
        "id": 438289,
        "modification_date": "2011-04-08T17:36:47.000Z",
        "name": "in-litmus",
        "requestee": undefined,
        "setter": "dtownsend@mozilla.com",
        "status": "-",
        "type_id": 325,
      },
    ],
    "groups": Array [],
    "id": 645699,
    "is_cc_accessible": true,
    "is_confirmed": true,
    "is_creator_accessible": true,
    "is_open": false,
    "keywords": Array [],
    "last_change_time": "2011-07-12T15:24:11.000Z",
    "op_sys": "All",
    "platform": "All",
    "priority": "--",
    "product": "Toolkit",
    "qa_contact": "",
    "qa_contact_detail": undefined,
    "resolution": "FIXED",
    "see_also": Array [],
    "severity": "major",
    "status": "VERIFIED",
    "summary": "A non-whitelisted site can trigger xpinstall",
    "target_milestone": "mozilla5",
    "update_token": undefined,
    "url": "",
    "version": "2.0 Branch",
    "whiteboard": "[sg:low]",
  },
  Object {
    "alias": Array [],
    "assigned_to": "mh+mozilla@glandium.org",
    "assigned_to_detail": Object {
      "id": 47192,
      "name": "mh+mozilla@glandium.org",
      "real_name": "Mike Hommey [:glandium]",
    },
    "blocks": Array [
      1746558,
    ],
    "cc": Array [
      "dtownsend@mozilla.com",
      "mh+mozilla@glandium.org",
      "mhentges@mozilla.com",
      "mstange.moz@gmail.com",
    ],
    "cc_detail": Array [
      Object {
        "id": 91159,
        "name": "dtownsend@mozilla.com",
        "real_name": "Dave Townsend [:mossop]",
      },
      Object {
        "id": 47192,
        "name": "mh+mozilla@glandium.org",
        "real_name": "Mike Hommey [:glandium]",
      },
      Object {
        "id": 627727,
        "name": "mhentges@mozilla.com",
        "real_name": "Mitchell Hentges [:mhentges] ü¶Ä",
      },
      Object {
        "id": 293943,
        "name": "mstange.moz@gmail.com",
        "real_name": "Markus Stange [:mstange]",
      },
    ],
    "classification": "Developer Infrastructure",
    "component": "Bootstrap Configuration",
    "creation_time": "2021-12-01T15:10:39.000Z",
    "creator": "dtownsend@mozilla.com",
    "creator_detail": Object {
      "id": 91159,
      "name": "dtownsend@mozilla.com",
      "real_name": "Dave Townsend [:mossop]",
    },
    "depends_on": Array [],
    "dupe_of": null,
    "flags": Array [],
    "groups": Array [],
    "id": 1743832,
    "is_cc_accessible": true,
    "is_confirmed": true,
    "is_creator_accessible": true,
    "is_open": false,
    "keywords": Array [],
    "last_change_time": "2021-12-19T05:13:35.000Z",
    "op_sys": "Unspecified",
    "platform": "Unspecified",
    "priority": "--",
    "product": "Firefox Build System",
    "qa_contact": "",
    "qa_contact_detail": undefined,
    "resolution": "FIXED",
    "see_also": Array [],
    "severity": "--",
    "status": "RESOLVED",
    "summary": "Bootstrap not installing fix-stacks",
    "target_milestone": "97 Branch",
    "update_token": undefined,
    "url": "",
    "version": "unspecified",
    "whiteboard": "",
  },
  Object {
    "alias": Array [],
    "assigned_to": "nobody@mozilla.org",
    "assigned_to_detail": Object {
      "id": 1,
      "name": "nobody@mozilla.org",
      "real_name": "Nobody; OK to take it and work on it",
    },
    "blocks": Array [],
    "cc": Array [
      "10sdassarma@gmail.com",
      "agurenko@protonmail.com",
      "alice0775@gmail.com",
      "alvinhochun@gmail.com",
      "anders@spirit55555.dk",
      "andrei.br92@gmail.com",
      "ans+moz@immerda.ch",
      "arkady.bazhanov@gmail.com",
      "berend.de.schouwer@gmail.com",
      "bj@herbison.com",
      "bjo@nord-west.org",
      "bruce.bugz@gmail.com",
      "bugmail-mozilla@xavier.robin.name",
      "bugzilla-13012021@0pe.de",
      "bugzilla-mozilla-20000923@james-ross.co.uk",
      "bugzilla2007@duellmann24.net",
      "caleb@alerque.com",
      "cdenizet@mozilla.com",
      "chaz@chaz6.com",
      "choller@mozilla.com",
      "code@hdhoang.space",
      "coelacanthus@outlook.com",
      "continuation@gmail.com",
      "djuran@redhat.com",
      "dominik.stadler@gmx.at",
      "dror@psybear.com",
      "dschubert@mozilla.com",
      "ego.cordatus@gmail.com",
      "emilio@crisal.io",
      "firefox@parisel.net",
      "florent.lagoda@univ-rennes2.fr",
      "florian@ramillien.fr",
      "francesco.lodolo@gmail.com",
      "fweimer@redhat.com",
      "gf.solone@mozillaitalia.org",
      "github@henricook.com",
      "glepretre@genymobile.com",
      "goeran@uddeborg.se",
      "gp3033@protonmail.com",
      "gpascutto@mozilla.com",
      "grayshade@gmail.com",
      "gsvelto@mozilla.com",
      "guaycuru@gmail.com",
      "gwatson@mozilla.com",
      "hexandcube@hexandcube.eu.org",
      "hujq@live.com",
      "hybridfox2@gmail.com",
      "ilyas.metin@metunic.com.tr",
      "info@rothaarsystems.de",
      "jan@ikenmeyer.eu",
      "jan@was.net.pl",
      "jbuckley@mozilla.com",
      "jcristau@mozilla.com",
      "jesper@staunhansen.dk",
      "jlp.bugs@gmail.com",
      "joe_devore@mailhaven.com",
      "jokeyrhyme@jokeyrhy.me",
      "jrediger@mozilla.com",
      "jryans@gmail.com",
      "juippis@gmail.com",
      "julian.reschke@gmx.de",
      "justtodesign@gmail.com",
      "k.becker@byter.dev",
      "kbrosnan@mozilla.com",
      "kdudka@redhat.com",
      "ladislav.furman@gmail.com",
      "machiel.van.veen@milieudefensie.nl",
      "Marcin.Kasperski@softax.com.pl",
      "Mark12547@gmail.com",
      "mathew.hodson@gmail.com",
      "mathieu.marquer@gmail.com",
      "matteo@contrini.it",
      "maxsec@gmail.com",
      "mcastelluccio@mozilla.com",
      "medikoo+mozilla.org@medikoo.com",
      "michel.zehnder@techfreak.ch",
      "mihai.dontu@gmail.com",
      "mikaela@mikaela.info",
      "mkmelin+mozilla@iki.fi",
      "mnordhoff@gmail.com",
      "mohacsi@niif.hu",
      "mozilla@metasieben.org",
      "mozilla@nerdbynature.de",
      "ndrzj1gbo@relay.firefox.com",
      "notifications@ltri.eu",
      "o.freyermuth@googlemail.com",
      "olivier@tilloy.net",
      "opal@wowana.me",
      "pasik@iki.fi",
      "petercpg@mail.moztw.org",
      "petr.sumbera@oracle.com",
      "sebastianzartner@gmail.com",
      "simon_a_taylor@yahoo.com",
      "soeren.hentzschel@googlemail.com",
      "sven-p.m@web.de",
      "thetinsmith@gmail.com",
      "tiagomatos@gmail.com",
      "tnikkel@gmail.com",
      "Virtual@teknik.io",
      "will.j.may@gmail.com",
      "xidorn+moz@upsuper.org",
      "zibi@braniecki.net",
    ],
    "cc_detail": Array [
      Object {
        "id": 699318,
        "name": "10sdassarma@gmail.com",
        "real_name": "Nova DasSarma",
      },
      Object {
        "id": 588509,
        "name": "agurenko@protonmail.com",
        "real_name": "Gurenko Alex",
      },
      Object {
        "id": 293623,
        "name": "alice0775@gmail.com",
        "real_name": "Alice0775 White",
      },
      Object {
        "id": 625644,
        "name": "alvinhochun@gmail.com",
        "real_name": "",
      },
      Object {
        "id": 313152,
        "name": "anders@spirit55555.dk",
        "real_name": "Anders G. J√∏rgensen",
      },
      Object {
        "id": 476157,
        "name": "andrei.br92@gmail.com",
        "real_name": "Andrei Oprea [:andreio]",
      },
      Object {
        "id": 633006,
        "name": "ans+moz@immerda.ch",
        "real_name": "",
      },
      Object {
        "id": 673571,
        "name": "arkady.bazhanov@gmail.com",
        "real_name": "Arkady",
      },
      Object {
        "id": 307208,
        "name": "berend.de.schouwer@gmail.com",
        "real_name": "Berend De Schouwer",
      },
      Object {
        "id": 67981,
        "name": "bj@herbison.com",
        "real_name": "B.J. Herbison",
      },
      Object {
        "id": 481811,
        "name": "bjo@nord-west.org",
        "real_name": "",
      },
      Object {
        "id": 577319,
        "name": "bruce.bugz@gmail.com",
        "real_name": "Bruce",
      },
      Object {
        "id": 132847,
        "name": "bugmail-mozilla@xavier.robin.name",
        "real_name": "Xavier Robin",
      },
      Object {
        "id": 699310,
        "name": "bugzilla-13012021@0pe.de",
        "real_name": "Izzet Beltir",
      },
      Object {
        "id": 18057,
        "name": "bugzilla-mozilla-20000923@james-ross.co.uk",
        "real_name": "James Ross",
      },
      Object {
        "id": 273994,
        "name": "bugzilla2007@duellmann24.net",
        "real_name": "Thomas D. (:thomas8)",
      },
      Object {
        "id": 546511,
        "name": "caleb@alerque.com",
        "real_name": "Caleb Maclennan",
      },
      Object {
        "id": 560431,
        "name": "cdenizet@mozilla.com",
        "real_name": "Calixte Denizet (:calixte)",
      },
      Object {
        "id": 331432,
        "name": "chaz@chaz6.com",
        "real_name": "Chris Hills",
      },
      Object {
        "id": 395101,
        "name": "choller@mozilla.com",
        "real_name": "Christian Holler (:decoder)",
      },
      Object {
        "id": 699343,
        "name": "code@hdhoang.space",
        "real_name": "",
      },
      Object {
        "id": 664287,
        "name": "coelacanthus@outlook.com",
        "real_name": "Celeste",
      },
      Object {
        "id": 406194,
        "name": "continuation@gmail.com",
        "real_name": "Andrew McCreight [:mccr8]",
      },
      Object {
        "id": 699331,
        "name": "djuran@redhat.com",
        "real_name": "",
      },
      Object {
        "id": 51896,
        "name": "dominik.stadler@gmx.at",
        "real_name": "Dominik Stadler",
      },
      Object {
        "id": 160488,
        "name": "dror@psybear.com",
        "real_name": "Dror",
      },
      Object {
        "id": 421268,
        "name": "dschubert@mozilla.com",
        "real_name": "Dennis Schubert [:denschub]",
      },
      Object {
        "id": 630442,
        "name": "ego.cordatus@gmail.com",
        "real_name": "Artem",
      },
      Object {
        "id": 546716,
        "name": "emilio@crisal.io",
        "real_name": "Emilio Cobos √Ålvarez (:emilio)",
      },
      Object {
        "id": 557352,
        "name": "firefox@parisel.net",
        "real_name": "J√©r√©mie Parisel",
      },
      Object {
        "id": 597455,
        "name": "florent.lagoda@univ-rennes2.fr",
        "real_name": "Florent",
      },
      Object {
        "id": 516685,
        "name": "florian@ramillien.fr",
        "real_name": "Florian Ramillien",
      },
      Object {
        "id": 130462,
        "name": "francesco.lodolo@gmail.com",
        "real_name": "Francesco Lodolo [:flod]",
      },
      Object {
        "id": 446529,
        "name": "fweimer@redhat.com",
        "real_name": "Florian Weimer",
      },
      Object {
        "id": 462554,
        "name": "gf.solone@mozillaitalia.org",
        "real_name": "Giovanni [:Gioxx] (Mozilla Italia)",
      },
      Object {
        "id": 646914,
        "name": "github@henricook.com",
        "real_name": "Henri",
      },
      Object {
        "id": 665135,
        "name": "glepretre@genymobile.com",
        "real_name": "Gilles Lepretre",
      },
      Object {
        "id": 65674,
        "name": "goeran@uddeborg.se",
        "real_name": "G√∂ran Uddeborg",
      },
      Object {
        "id": 685138,
        "name": "gp3033@protonmail.com",
        "real_name": "G",
      },
      Object {
        "id": 151147,
        "name": "gpascutto@mozilla.com",
        "real_name": "Gian-Carlo Pascutto [:gcp]",
      },
      Object {
        "id": 296264,
        "name": "grayshade@gmail.com",
        "real_name": "Lauren»õiu Nicola",
      },
      Object {
        "id": 448747,
        "name": "gsvelto@mozilla.com",
        "real_name": "Gabriele Svelto [:gsvelto] (pto)",
      },
      Object {
        "id": 684527,
        "name": "guaycuru@gmail.com",
        "real_name": "",
      },
      Object {
        "id": 504871,
        "name": "gwatson@mozilla.com",
        "real_name": "Glenn Watson [:gw]",
      },
      Object {
        "id": 633278,
        "name": "hexandcube@hexandcube.eu.org",
        "real_name": "Hexandcube",
      },
      Object {
        "id": 538286,
        "name": "hujq@live.com",
        "real_name": "",
      },
      Object {
        "id": 599667,
        "name": "hybridfox2@gmail.com",
        "real_name": "Felikx Van Saet",
      },
      Object {
        "id": 699303,
        "name": "ilyas.metin@metunic.com.tr",
        "real_name": "ƒ∞lyas",
      },
      Object {
        "id": 699321,
        "name": "info@rothaarsystems.de",
        "real_name": "sneaky",
      },
      Object {
        "id": 580271,
        "name": "jan@ikenmeyer.eu",
        "real_name": "Darkspirit",
      },
      Object {
        "id": 699346,
        "name": "jan@was.net.pl",
        "real_name": "",
      },
      Object {
        "id": 567620,
        "name": "jbuckley@mozilla.com",
        "real_name": "Jon Buckley [:jbuck]",
      },
      Object {
        "id": 580382,
        "name": "jcristau@mozilla.com",
        "real_name": "Julien Cristau [:jcristau]",
      },
      Object {
        "id": 304299,
        "name": "jesper@staunhansen.dk",
        "real_name": "Jesper Hansen",
      },
      Object {
        "id": 20621,
        "name": "jlp.bugs@gmail.com",
        "real_name": "Jure Repinc (JLP)",
      },
      Object {
        "id": 370082,
        "name": "joe_devore@mailhaven.com",
        "real_name": "Joseph DeVore",
      },
      Object {
        "id": 344789,
        "name": "jokeyrhyme@jokeyrhy.me",
        "real_name": "",
      },
      Object {
        "id": 533624,
        "name": "jrediger@mozilla.com",
        "real_name": "Jan-Erik Rediger [:janerik]",
      },
      Object {
        "id": 282978,
        "name": "jryans@gmail.com",
        "real_name": "J. Ryan Stinnett [:jryans] (Use needinfo, replies may be slow)",
      },
      Object {
        "id": 617599,
        "name": "juippis@gmail.com",
        "real_name": "Joonas Niilola",
      },
      Object {
        "id": 52340,
        "name": "julian.reschke@gmx.de",
        "real_name": "Julian Reschke",
      },
      Object {
        "id": 618312,
        "name": "justtodesign@gmail.com",
        "real_name": "Alok Pant",
      },
      Object {
        "id": 676488,
        "name": "k.becker@byter.dev",
        "real_name": "Kevin Becker",
      },
      Object {
        "id": 406670,
        "name": "kbrosnan@mozilla.com",
        "real_name": "Kevin Brosnan [:kbrosnan]",
      },
      Object {
        "id": 340555,
        "name": "kdudka@redhat.com",
        "real_name": "Kamil Dudka",
      },
      Object {
        "id": 421795,
        "name": "ladislav.furman@gmail.com",
        "real_name": "Ladislav Furman",
      },
      Object {
        "id": 536971,
        "name": "machiel.van.veen@milieudefensie.nl",
        "real_name": "Machiel",
      },
      Object {
        "id": 36523,
        "name": "Marcin.Kasperski@softax.com.pl",
        "real_name": "Marcin Kasperski",
      },
      Object {
        "id": 590765,
        "name": "Mark12547@gmail.com",
        "real_name": "Mark",
      },
      Object {
        "id": 515012,
        "name": "mathew.hodson@gmail.com",
        "real_name": "Mathew Hodson",
      },
      Object {
        "id": 288154,
        "name": "mathieu.marquer@gmail.com",
        "real_name": "Mathieu Marquer",
      },
      Object {
        "id": 629551,
        "name": "matteo@contrini.it",
        "real_name": "",
      },
      Object {
        "id": 699322,
        "name": "maxsec@gmail.com",
        "real_name": "",
      },
      Object {
        "id": 420453,
        "name": "mcastelluccio@mozilla.com",
        "real_name": "Marco Castelluccio [:marco]",
      },
      Object {
        "id": 254987,
        "name": "medikoo+mozilla.org@medikoo.com",
        "real_name": "Mariusz Nowak",
      },
      Object {
        "id": 590844,
        "name": "michel.zehnder@techfreak.ch",
        "real_name": "Michel Zehnder",
      },
      Object {
        "id": 235992,
        "name": "mihai.dontu@gmail.com",
        "real_name": "Mihai Dontu",
      },
      Object {
        "id": 544590,
        "name": "mikaela@mikaela.info",
        "real_name": "Aminda Suomalainen",
      },
      Object {
        "id": 101158,
        "name": "mkmelin+mozilla@iki.fi",
        "real_name": "Magnus Melin [:mkmelin]",
      },
      Object {
        "id": 181177,
        "name": "mnordhoff@gmail.com",
        "real_name": "Matt Nordhoff (aka Peng on IRC & forums)",
      },
      Object {
        "id": 422257,
        "name": "mohacsi@niif.hu",
        "real_name": "",
      },
      Object {
        "id": 388139,
        "name": "mozilla@metasieben.org",
        "real_name": "matthias koplenig [:metasieben]",
      },
      Object {
        "id": 333742,
        "name": "mozilla@nerdbynature.de",
        "real_name": "Christian Kujau",
      },
      Object {
        "id": 678208,
        "name": "ndrzj1gbo@relay.firefox.com",
        "real_name": "soredake",
      },
      Object {
        "id": 304765,
        "name": "notifications@ltri.eu",
        "real_name": "Lukas Tribus",
      },
      Object {
        "id": 576846,
        "name": "o.freyermuth@googlemail.com",
        "real_name": "Oliver Freyermuth",
      },
      Object {
        "id": 367964,
        "name": "olivier@tilloy.net",
        "real_name": "Olivier Tilloy",
      },
      Object {
        "id": 516056,
        "name": "opal@wowana.me",
        "real_name": "opal hart",
      },
      Object {
        "id": 529219,
        "name": "pasik@iki.fi",
        "real_name": "",
      },
      Object {
        "id": 374542,
        "name": "petercpg@mail.moztw.org",
        "real_name": "Peter Pin-Guang Chen [:petercpg] (MozTW.org)",
      },
      Object {
        "id": 581226,
        "name": "petr.sumbera@oracle.com",
        "real_name": "Petr Sumbera",
      },
      Object {
        "id": 446518,
        "name": "sebastianzartner@gmail.com",
        "real_name": "Sebastian Zartner [:sebo]",
      },
      Object {
        "id": 477339,
        "name": "simon_a_taylor@yahoo.com",
        "real_name": "Simon Taylor",
      },
      Object {
        "id": 359208,
        "name": "soeren.hentzschel@googlemail.com",
        "real_name": "S√∂ren Hentzschel",
      },
      Object {
        "id": 699320,
        "name": "sven-p.m@web.de",
        "real_name": "",
      },
      Object {
        "id": 282023,
        "name": "thetinsmith@gmail.com",
        "real_name": "David",
      },
      Object {
        "id": 238628,
        "name": "tiagomatos@gmail.com",
        "real_name": "Rui Matos",
      },
      Object {
        "id": 255010,
        "name": "tnikkel@gmail.com",
        "real_name": "Timothy Nikkel (:tnikkel)",
      },
      Object {
        "id": 342842,
        "name": "Virtual@teknik.io",
        "real_name": "Virtual_ManPL [:Virtual] üáµüá± - (please needinfo? me - so I will see your comment/reply/question/etc.)",
      },
      Object {
        "id": 182417,
        "name": "will.j.may@gmail.com",
        "real_name": "Will May",
      },
      Object {
        "id": 373403,
        "name": "xidorn+moz@upsuper.org",
        "real_name": "Xidorn Quan [:xidorn] UTC+11",
      },
      Object {
        "id": 41270,
        "name": "zibi@braniecki.net",
        "real_name": "Zibi Braniecki [:zbraniecki][:gandalf]",
      },
    ],
    "classification": "Components",
    "component": "Networking",
    "creation_time": "2022-01-13T08:18:19.000Z",
    "creator": "jan.steffens@gmail.com",
    "creator_detail": Object {
      "id": 409128,
      "name": "jan.steffens@gmail.com",
      "real_name": "Jan Alexander Steffens [:heftig]",
    },
    "depends_on": Array [],
    "dupe_of": 1749910,
    "flags": Array [],
    "groups": Array [],
    "id": 1749908,
    "is_cc_accessible": true,
    "is_confirmed": true,
    "is_creator_accessible": true,
    "is_open": false,
    "keywords": Array [],
    "last_change_time": "2022-01-14T13:41:21.000Z",
    "op_sys": "All",
    "platform": "Desktop",
    "priority": "--",
    "product": "Core",
    "qa_contact": "Virtual@teknik.io",
    "qa_contact_detail": Object {
      "id": 342842,
      "name": "Virtual@teknik.io",
      "real_name": "Virtual_ManPL [:Virtual] üáµüá± - (please needinfo? me - so I will see your comment/reply/question/etc.)",
    },
    "resolution": "DUPLICATE",
    "see_also": Array [],
    "severity": "--",
    "status": "VERIFIED",
    "summary": "Infinite loop in HTTP3 hangs socket thread",
    "target_milestone": "---",
    "update_token": undefined,
    "url": "",
    "version": "Trunk",
    "whiteboard": "",
  },
]
`;

exports[`Red Hat 1`] = `
Array [
  Object {
    "alias": Array [],
    "assigned_to": "Devan Goodwin",
    "assigned_to_detail": Object {
      "id": 209067,
      "name": "dgoodwin",
      "real_name": "Devan Goodwin",
    },
    "blocks": Array [],
    "cc": Array [
      "Adam Miller",
      "Devan Goodwin",
      "Jan Zeleny",
    ],
    "cc_detail": Array [
      Object {
        "id": 329523,
        "name": "admiller",
        "real_name": "Adam Miller",
      },
      Object {
        "id": 209067,
        "name": "dgoodwin",
        "real_name": "Devan Goodwin",
      },
      Object {
        "id": 276326,
        "name": "jzeleny",
        "real_name": "Jan Zeleny",
      },
    ],
    "classification": "Fedora",
    "component": Array [
      "tito",
    ],
    "creation_time": "2015-03-25T17:22:52.000Z",
    "creator": "Radek Holy",
    "creator_detail": Object {
      "id": 357071,
      "name": "rholy",
      "real_name": "Radek Holy",
    },
    "depends_on": Array [],
    "dupe_of": null,
    "flags": undefined,
    "groups": Array [],
    "id": 1205830,
    "is_cc_accessible": true,
    "is_confirmed": true,
    "is_creator_accessible": true,
    "is_open": true,
    "keywords": Array [],
    "last_change_time": "2015-10-06T02:15:04.000Z",
    "op_sys": "Unspecified",
    "platform": "Unspecified",
    "priority": "unspecified",
    "product": "Fedora",
    "qa_contact": "Fedora Extras Quality Assurance",
    "qa_contact_detail": Object {
      "id": 171387,
      "name": "extras-qa",
      "real_name": "Fedora Extras Quality Assurance",
    },
    "resolution": "",
    "see_also": Array [],
    "severity": "unspecified",
    "status": "NEW",
    "summary": "[RFE] Provide a way to pass custom versioning scheme of testing builds",
    "target_milestone": "---",
    "update_token": undefined,
    "url": "",
    "version": Array [
      "rawhide",
    ],
    "whiteboard": "",
  },
  Object {
    "alias": Array [],
    "assigned_to": "Laine Stump",
    "assigned_to_detail": Object {
      "id": 274818,
      "name": "laine",
      "real_name": "Laine Stump",
    },
    "blocks": Array [
      1897025,
    ],
    "cc": Array [
      "Bimal Chollera",
      "dyuan",
      "Fangge Jin",
      "IRFAN MOMIN",
      "initscripts Maintenance Team",
      "Jan Macku",
      "Javier Coscia",
      "Jeff Nelson",
      "Jonathan Maxwell",
      "Jaroslav Suchanek",
      "Koutuk Shukla",
      "Kyle Walker",
      "Laine Stump",
      "lijuan men",
      "Luk√°≈° Nykr√Ωn",
      "Marina Kalinin",
      "Patrick Talbert",
      "Shivraj",
      "Virtualization Maintenance",
      "Xuesong Zhang",
      "yalzhang@redhat.com",
    ],
    "cc_detail": Array [
      Object {
        "id": 371510,
        "name": "bcholler",
        "real_name": "Bimal Chollera",
      },
      Object {
        "id": 295593,
        "name": "dyuan",
        "real_name": "",
      },
      Object {
        "id": 381181,
        "name": "fjin",
        "real_name": "Fangge Jin",
      },
      Object {
        "id": 447385,
        "name": "imomin",
        "real_name": "IRFAN MOMIN",
      },
      Object {
        "id": 213511,
        "name": "initscripts-maint-list",
        "real_name": "initscripts Maintenance Team",
      },
      Object {
        "id": 431924,
        "name": "jamacku",
        "real_name": "Jan Macku",
      },
      Object {
        "id": 345445,
        "name": "jcoscia",
        "real_name": "Javier Coscia",
      },
      Object {
        "id": 364643,
        "name": "jen",
        "real_name": "Jeff Nelson",
      },
      Object {
        "id": 356918,
        "name": "jmaxwell",
        "real_name": "Jonathan Maxwell",
      },
      Object {
        "id": 367976,
        "name": "jsuchane",
        "real_name": "Jaroslav Suchanek",
      },
      Object {
        "id": 389614,
        "name": "kshukla",
        "real_name": "Koutuk Shukla",
      },
      Object {
        "id": 335892,
        "name": "kwalker",
        "real_name": "Kyle Walker",
      },
      Object {
        "id": 274818,
        "name": "laine",
        "real_name": "Laine Stump",
      },
      Object {
        "id": 387681,
        "name": "lmen",
        "real_name": "lijuan men",
      },
      Object {
        "id": 317026,
        "name": "lnykryn",
        "real_name": "Luk√°≈° Nykr√Ωn",
      },
      Object {
        "id": 280175,
        "name": "mkalinin",
        "real_name": "Marina Kalinin",
      },
      Object {
        "id": 328638,
        "name": "ptalbert",
        "real_name": "Patrick Talbert",
      },
      Object {
        "id": 386937,
        "name": "shipatil",
        "real_name": "Shivraj",
      },
      Object {
        "id": 275247,
        "name": "virt-maint",
        "real_name": "Virtualization Maintenance",
      },
      Object {
        "id": 336517,
        "name": "xuzhang",
        "real_name": "Xuesong Zhang",
      },
      Object {
        "id": 391024,
        "name": "yalzhang",
        "real_name": "yalzhang@redhat.com",
      },
    ],
    "classification": "Red Hat",
    "component": Array [
      "libvirt",
    ],
    "creation_time": "2019-07-15T19:16:49.000Z",
    "creator": "Venkatesh Kavtikwar",
    "creator_detail": Object {
      "id": 404650,
      "name": "vkavtikw",
      "real_name": "Venkatesh Kavtikwar",
    },
    "depends_on": Array [],
    "dupe_of": null,
    "flags": undefined,
    "groups": Array [],
    "id": 1730084,
    "is_cc_accessible": true,
    "is_confirmed": true,
    "is_creator_accessible": true,
    "is_open": true,
    "keywords": Array [
      "Triaged",
    ],
    "last_change_time": "2021-12-09T16:31:51.000Z",
    "op_sys": "Linux",
    "platform": "All",
    "priority": "medium",
    "product": "Red Hat Enterprise Linux 9",
    "qa_contact": "yalzhang@redhat.com",
    "qa_contact_detail": Object {
      "id": 391024,
      "name": "yalzhang",
      "real_name": "yalzhang@redhat.com",
    },
    "resolution": "",
    "see_also": Array [],
    "severity": "high",
    "status": "ASSIGNED",
    "summary": "systemctl restart network disables access to running VMs",
    "target_milestone": "rc",
    "update_token": undefined,
    "url": "",
    "version": Array [
      "unspecified",
    ],
    "whiteboard": "",
  },
  Object {
    "alias": Array [],
    "assigned_to": "Rex Dieter",
    "assigned_to_detail": Object {
      "id": 5180,
      "name": "rdieter",
      "real_name": "Rex Dieter",
    },
    "blocks": Array [],
    "cc": Array [
      "Remi Collet",
      "Gwyn Ciesla",
      "Pavel Raiskup",
      "Rex Dieter",
      "Troy Dawson",
    ],
    "cc_detail": Array [
      Object {
        "id": 192283,
        "name": "fedora",
        "real_name": "Remi Collet",
      },
      Object {
        "id": 201661,
        "name": "gwync",
        "real_name": "Gwyn Ciesla",
      },
      Object {
        "id": 316145,
        "name": "praiskup",
        "real_name": "Pavel Raiskup",
      },
      Object {
        "id": 5180,
        "name": "rdieter",
        "real_name": "Rex Dieter",
      },
      Object {
        "id": 318676,
        "name": "tdawson",
        "real_name": "Troy Dawson",
      },
    ],
    "classification": "Fedora",
    "component": Array [
      "tidy",
    ],
    "creation_time": "2019-09-06T18:09:29.000Z",
    "creator": "Breno",
    "creator_detail": Object {
      "id": 432500,
      "name": "brandfbb",
      "real_name": "Breno",
    },
    "depends_on": Array [],
    "dupe_of": null,
    "flags": undefined,
    "groups": Array [],
    "id": 1749908,
    "is_cc_accessible": true,
    "is_confirmed": true,
    "is_creator_accessible": true,
    "is_open": false,
    "keywords": Array [],
    "last_change_time": "2019-10-21T15:52:06.000Z",
    "op_sys": "Unspecified",
    "platform": "Unspecified",
    "priority": "unspecified",
    "product": "Fedora EPEL",
    "qa_contact": "Fedora Extras Quality Assurance",
    "qa_contact_detail": Object {
      "id": 171387,
      "name": "extras-qa",
      "real_name": "Fedora Extras Quality Assurance",
    },
    "resolution": "ERRATA",
    "see_also": Array [],
    "severity": "unspecified",
    "status": "CLOSED",
    "summary": "I would like to ask a build of tidy for EPEL 8.",
    "target_milestone": "---",
    "update_token": undefined,
    "url": "",
    "version": Array [
      "epel8",
    ],
    "whiteboard": "",
  },
  Object {
    "alias": Array [],
    "assigned_to": "Jan Macku",
    "assigned_to_detail": Object {
      "id": 431924,
      "name": "jamacku",
      "real_name": "Jan Macku",
    },
    "blocks": Array [
      1997981,
      1997986,
    ],
    "cc": Array [
      "Jan Macku",
    ],
    "cc_detail": Array [
      Object {
        "id": 431924,
        "name": "jamacku",
        "real_name": "Jan Macku",
      },
    ],
    "classification": "Red Hat",
    "component": Array [
      "tcsh",
    ],
    "creation_time": "2020-12-09T15:51:23.000Z",
    "creator": "Frank Hirtz",
    "creator_detail": Object {
      "id": 30797,
      "name": "fhirtz",
      "real_name": "Frank Hirtz",
    },
    "depends_on": Array [],
    "dupe_of": null,
    "flags": undefined,
    "groups": Array [],
    "id": 1906064,
    "is_cc_accessible": true,
    "is_confirmed": true,
    "is_creator_accessible": true,
    "is_open": true,
    "keywords": Array [],
    "last_change_time": "2021-12-01T15:18:46.000Z",
    "op_sys": "All",
    "platform": "All",
    "priority": "high",
    "product": "Red Hat Enterprise Linux 7",
    "qa_contact": "Karel Voln√Ω",
    "qa_contact_detail": Object {
      "id": 213715,
      "name": "kvolny",
      "real_name": "Karel Voln√Ω",
    },
    "resolution": "",
    "see_also": Array [],
    "severity": "high",
    "status": "POST",
    "summary": "tcsh history breaks when using modifiers",
    "target_milestone": "rc",
    "update_token": undefined,
    "url": "",
    "version": Array [
      "7.9",
    ],
    "whiteboard": "",
  },
  Object {
    "alias": Array [],
    "assigned_to": "Jeff Fearn üêû",
    "assigned_to_detail": Object {
      "id": 193645,
      "name": "jfearn",
      "real_name": "Jeff Fearn üêû",
    },
    "blocks": Array [],
    "cc": Array [],
    "cc_detail": Array [],
    "classification": "Community",
    "component": Array [
      "User Interface",
    ],
    "creation_time": "2021-03-29T23:30:24.000Z",
    "creator": "Jeff Fearn üêû",
    "creator_detail": Object {
      "id": 193645,
      "name": "jfearn",
      "real_name": "Jeff Fearn üêû",
    },
    "depends_on": Array [],
    "dupe_of": null,
    "flags": undefined,
    "groups": Array [],
    "id": 1944441,
    "is_cc_accessible": true,
    "is_confirmed": true,
    "is_creator_accessible": true,
    "is_open": false,
    "keywords": Array [],
    "last_change_time": "2021-11-03T00:10:53.000Z",
    "op_sys": "Unspecified",
    "platform": "Unspecified",
    "priority": "unspecified",
    "product": "Bugzilla",
    "qa_contact": "Utkarsh",
    "qa_contact_detail": Object {
      "id": 446105,
      "name": "ubajpei",
      "real_name": "Utkarsh",
    },
    "resolution": "CURRENTRELEASE",
    "see_also": Array [],
    "severity": "unspecified",
    "status": "CLOSED",
    "summary": "Expose basic job data in UI",
    "target_milestone": "---",
    "update_token": undefined,
    "url": "",
    "version": Array [
      "5.0",
    ],
    "whiteboard": "",
  },
]
`;
